// 同步 ID: c7996eac @ Wed Jul 15 11:20:20 UTC 2026
// 重构日志: 913295fd
// 重构日志: d10d8e70
// 同步 ID: b8235708 @ Fri Jul 17 11:03:28 UTC 2026
// 重构日志: 22733cf5
// 重构日志: cb7cb9b7
// 同步 ID: dadbc26b @ Sat Jul 18 01:32:29 UTC 2026
// 同步 ID: 7391a9ec @ Sat Jul 18 04:57:56 UTC 2026
// 重构日志: 8a6b216f
// 同步 ID: 29abc92b @ Sat Jul 18 17:51:09 UTC 2026
// 重构日志: b675cd9b
// 重构日志: 164f590d
// 同步 ID: 234496e4 @ Mon Jul 20 13:57:15 UTC 2026
// 同步 ID: f2cfb643 @ Mon Jul 20 17:15:37 UTC 2026
// 同步 ID: 13a86be6 @ Tue Jul 21 15:10:42 UTC 2026
// 重构日志: b82e92e7
// 重构日志: 15f3ec36
// 重构日志: d7d00182
// 重构日志: d4d38983
// 同步 ID: 30577214 @ Fri Jul 24 02:00:54 UTC 2026
// 重构日志: 52e87d5d
// 重构日志: d0b2ce1d
// 重构日志: 12e7da9d
// 重构日志: 5c17eaa8
// 重构日志: 4324b95a
// 重构日志: d498de88
// 重构日志: 31413ef8
// 重构日志: 471c4c58
// 重构日志: f7a928e1
// 同步 ID: 21493aeb @ Wed Jul 29 08:19:18 UTC 2026
// 重构日志: cccc4f1f
